CONFIG
├── data
│   └── _target_: src.data.data_module_06128.DataModule                         
│       data_dir: ./data/                                                       
│       batch_size: 4                                                           
│       train_lead_times:                                                       
│       - 1                                                                     
│       - 3                                                                     
│       - 6                                                                     
│       - 12                                                                    
│       val_lead_times:                                                         
│       - 1                                                                     
│       - 3                                                                     
│       - 6                                                                     
│       - 12                                                                    
│       - 18                                                                    
│       - 24                                                                    
│       num_workers: 15                                                         
│       pin_memory: true                                                        
│       variables:                                                              
│       - cmpa                                                                  
│       - t2m                                                                   
│       - ts                                                                    
│       - q2m                                                                   
│       - psl                                                                   
│       - u10m                                                                  
│       - v10m                                                                  
│       - ps                                                                    
│       - u_1000                                                                
│       - u_925                                                                 
│       - u_850                                                                 
│       - u_700                                                                 
│       - u_600                                                                 
│       - u_500                                                                 
│       - u_400                                                                 
│       - u_300                                                                 
│       - u_250                                                                 
│       - u_200                                                                 
│       - u_150                                                                 
│       - u_100                                                                 
│       - u_50                                                                  
│       - v_1000                                                                
│       - v_925                                                                 
│       - v_850                                                                 
│       - v_700                                                                 
│       - v_600                                                                 
│       - v_500                                                                 
│       - v_400                                                                 
│       - v_300                                                                 
│       - v_250                                                                 
│       - v_200                                                                 
│       - v_150                                                                 
│       - v_100                                                                 
│       - v_50                                                                  
│       - t_1000                                                                
│       - t_925                                                                 
│       - t_850                                                                 
│       - t_700                                                                 
│       - t_600                                                                 
│       - t_500                                                                 
│       - t_400                                                                 
│       - t_300                                                                 
│       - t_250                                                                 
│       - t_200                                                                 
│       - t_150                                                                 
│       - t_100                                                                 
│       - t_50                                                                  
│       - h_1000                                                                
│       - h_925                                                                 
│       - h_850                                                                 
│       - h_700                                                                 
│       - h_600                                                                 
│       - h_500                                                                 
│       - h_400                                                                 
│       - h_300                                                                 
│       - h_250                                                                 
│       - h_200                                                                 
│       - h_150                                                                 
│       - h_100                                                                 
│       - h_50                                                                  
│       - Qv_1000                                                               
│       - Qv_925                                                                
│       - Qv_850                                                                
│       - Qv_700                                                                
│       - Qv_600                                                                
│       - Qv_500                                                                
│       - Qv_400                                                                
│       - Qv_300                                                                
│       - Qv_250                                                                
│       - Qv_200                                                                
│       - Qv_150                                                                
│       - Qv_100                                                                
│       - Qv_50                                                                 
│                                                                               
├── model
│   └── _target_: src.models.Stormer_module.ModelInterface                      
│       optimizer:                                                              
│         _target_: torch.optim.AdamW                                           
│         _partial_: true                                                       
│         lr: 0.0005                                                            
│         betas:                                                                
│         - 0.9                                                                 
│         - 0.95                                                                
│         weight_decay: 1.0e-05                                                 
│       scheduler:                                                              
│         _target_: src.utils.lr_scheduler.LinearWarmupCosineAnnealingLR        
│         _partial_: true                                                       
│       warmup_epochs: 1                                                        
│       max_epochs: 100                                                         
│       warmup_start_lr: 0                                                      
│       eta_min: 1.0e-08                                                        
│       net:                                                                    
│         _target_: src.models.components.Stormer.model.Stormer                 
│         in_img_size:                                                          
│         - 441                                                                 
│         - 845                                                                 
│         patch_size: 5                                                         
│         hidden_size: 384                                                      
│         depth: 12                                                             
│         num_heads: 16                                                         
│         mlp_ratio: 4.0                                                        
│         variables:                                                            
│         - cmpa                                                                
│         - t2m                                                                 
│         - ts                                                                  
│         - q2m                                                                 
│         - psl                                                                 
│         - u10m                                                                
│         - v10m                                                                
│         - ps                                                                  
│         - u_1000                                                              
│         - u_925                                                               
│         - u_850                                                               
│         - u_700                                                               
│         - u_600                                                               
│         - u_500                                                               
│         - u_400                                                               
│         - u_300                                                               
│         - u_250                                                               
│         - u_200                                                               
│         - u_150                                                               
│         - u_100                                                               
│         - u_50                                                                
│         - v_1000                                                              
│         - v_925                                                               
│         - v_850                                                               
│         - v_700                                                               
│         - v_600                                                               
│         - v_500                                                               
│         - v_400                                                               
│         - v_300                                                               
│         - v_250                                                               
│         - v_200                                                               
│         - v_150                                                               
│         - v_100                                                               
│         - v_50                                                                
│         - t_1000                                                              
│         - t_925                                                               
│         - t_850                                                               
│         - t_700                                                               
│         - t_600                                                               
│         - t_500                                                               
│         - t_400                                                               
│         - t_300                                                               
│         - t_250                                                               
│         - t_200                                                               
│         - t_150                                                               
│         - t_100                                                               
│         - t_50                                                                
│         - h_1000                                                              
│         - h_925                                                               
│         - h_850                                                               
│         - h_700                                                               
│         - h_600                                                               
│         - h_500                                                               
│         - h_400                                                               
│         - h_300                                                               
│         - h_250                                                               
│         - h_200                                                               
│         - h_150                                                               
│         - h_100                                                               
│         - h_50                                                                
│         - Qv_1000                                                             
│         - Qv_925                                                              
│         - Qv_850                                                              
│         - Qv_700                                                              
│         - Qv_600                                                              
│         - Qv_500                                                              
│         - Qv_400                                                              
│         - Qv_300                                                              
│         - Qv_250                                                              
│         - Qv_200                                                              
│         - Qv_150                                                              
│         - Qv_100                                                              
│         - Qv_50                                                               
│                                                                               
├── callbacks
│   └── model_checkpoint:                                                       
│         _target_: lightning.pytorch.callbacks.ModelCheckpoint                 
│         dirpath: /home-ssd/Users/gm_lhy/zhengjq/Ours/logs/train/runs/2025-07-1
│         filename: epoch_{epoch:03d}                                           
│         monitor: val/aggregate_normalized_rmse_all_ensemble_mean              
│         verbose: false                                                        
│         save_last: true                                                       
│         save_top_k: 1                                                         
│         mode: min                                                             
│         auto_insert_metric_name: false                                        
│         save_weights_only: false                                              
│         every_n_train_steps: null                                             
│         train_time_interval: null                                             
│         every_n_epochs: null                                                  
│         save_on_train_epoch_end: null                                         
│       early_stopping:                                                         
│         _target_: lightning.pytorch.callbacks.EarlyStopping                   
│         monitor: val/aggregate_normalized_rmse_all_ensemble_mean              
│         min_delta: 0.0                                                        
│         patience: 10                                                          
│         verbose: false                                                        
│         mode: min                                                             
│         strict: true                                                          
│         check_finite: true                                                    
│         stopping_threshold: null                                              
│         divergence_threshold: null                                            
│         check_on_train_epoch_end: null                                        
│       model_summary:                                                          
│         _target_: lightning.pytorch.callbacks.RichModelSummary                
│         max_depth: -1                                                         
│       rich_progress_bar:                                                      
│         _target_: lightning.pytorch.callbacks.RichProgressBar                 
│       learning_rate_monitor:                                                  
│         _target_: lightning.pytorch.callbacks.LearningRateMonitor             
│         logging_interval: step                                                
│                                                                               
├── logger
│   └── wandb:                                                                  
│         _target_: lightning.pytorch.loggers.wandb.WandbLogger                 
│         save_dir: /home-ssd/Users/gm_lhy/zhengjq/Ours/logs/train/runs/2025-07-
│         offline: true                                                         
│         id: null                                                              
│         anonymous: null                                                       
│         project: Main                                                         
│         log_model: false                                                      
│         prefix: ''                                                            
│         group: LimitArea                                                      
│         tags:                                                                 
│         - Stormer                                                             
│         job_type: ''                                                          
│       aim:                                                                    
│         experiment: LimitArea                                                 
│                                                                               
├── trainer
│   └── _target_: lightning.pytorch.trainer.Trainer                             
│       default_root_dir: /home-ssd/Users/gm_lhy/zhengjq/Ours/logs/train/runs/20
│       min_epochs: 1                                                           
│       max_epochs: 100                                                         
│       devices: 4                                                              
│       num_nodes: 1                                                            
│       precision: 16                                                           
│       check_val_every_n_epoch: 1                                              
│       deterministic: false                                                    
│       strategy: ddp                                                           
│       accelerator: gpu                                                        
│       sync_batchnorm: true                                                    
│                                                                               
├── paths
│   └── root_dir: .                                                             
│       data_dir: ./data/                                                       
│       log_dir: ./logs/                                                        
│       output_dir: /home-ssd/Users/gm_lhy/zhengjq/Ours/logs/train/runs/2025-07-
│       work_dir: /home-ssd/Users/gm_lhy/zhengjq/Ours                           
│                                                                               
├── extras
│   └── ignore_warnings: false                                                  
│       enforce_tags: true                                                      
│       print_config: true                                                      
│                                                                               
├── task_name
│   └── train                                                                   
├── tags
│   └── ['Stormer']                                                             
├── train
│   └── True                                                                    
├── test
│   └── True                                                                    
├── ckpt_path
│   └── ./logs/train/runs/2025-07-17_21-22-13/checkpoints/epoch_013.ckpt        
└── seed
    └── 12345                                                                   
